// Jest Snapshot v1, https://goo.gl/fbAQLP

exports[`ChatConvo Component Snapshot Test: Default 1`] = `
<div
  className="chat-convo-div"
>
  <ol />
</div>
`;
