// Jest Snapshot v1, https://goo.gl/fbAQLP

exports[`ValidationError Component Snapshot Test: Empty 1`] = `<Fragment />`;
