// Jest Snapshot v1, https://goo.gl/fbAQLP

exports[`DisplayError Component Snapshot Test: Default 1`] = `<Fragment />`;
