// Jest Snapshot v1, https://goo.gl/fbAQLP

exports[`ValidationError Component Snapshot Test: Default 1`] = `<Fragment />`;
