// Jest Snapshot v1, https://goo.gl/fbAQLP

exports[`HeaderComponent Component Snapshot Test: Empty 1`] = `
<header>
  <h1>
    Music Chat
  </h1>
</header>
`;
