// Jest Snapshot v1, https://goo.gl/fbAQLP

exports[`SearchResults Component Snapshot Test: Default 1`] = `
<ol
  className="search-results-ol"
>
  <br />
  <button
    type="button"
  >
    Cancel
  </button>
  <br />
</ol>
`;
