// Jest Snapshot v1, https://goo.gl/fbAQLP

exports[`ChatConvo Component Snapshot Test: Empty 1`] = `
<h2>
  ChatConvo
</h2>
`;
