// Jest Snapshot v1, https://goo.gl/fbAQLP

exports[`DisplayMessage Component Snapshot Test: Default 1`] = `<Fragment />`;
